.next/types/app/coins/markets/page.ts(12,13): error TS2344: Type 'OmitWithTag<typeof import("C:/Users/Owner/Downloads/crypto-watch-full/app/coins/markets/page"), "default" | "metadata" | "config" | "generateStaticParams" | "revalidate" | "dynamic" | ... 8 more ... | "experimental_ppr", "">' does not satisfy the constraint '{ [x: string]: never; }'.
  Property 'GET' is incompatible with index signature.
    Type '() => Promise<NextResponse<any>>' is not assignable to type 'never'.
.next/types/app/coins/markets/page.ts(30,4): error TS2344: Type 'typeof import("C:/Users/Owner/Downloads/crypto-watch-full/app/coins/markets/page")' does not satisfy the constraint '{ default: Function; config?: {}; generateStaticParams?: Function; revalidate?: false; dynamic?: "error" | "auto" | "force-dynamic" | "force-static"; dynamicParams?: boolean; ... 8 more ...; experimental_ppr?: boolean; }'.
  Property 'default' is missing in type 'typeof import("C:/Users/Owner/Downloads/crypto-watch-full/app/coins/markets/page")' but required in type '{ default: Function; config?: {}; generateStaticParams?: Function; revalidate?: false; dynamic?: "error" | "auto" | "force-dynamic" | "force-static"; dynamicParams?: boolean; ... 8 more ...; experimental_ppr?: boolean; }'.
.next/types/app/coins/markets/page.ts(34,45): error TS2339: Property 'default' does not exist on type 'typeof import("C:/Users/Owner/Downloads/crypto-watch-full/app/coins/markets/page")'.
